(0) Offset 0xA3: Branch or jump instruction to a non-instruction.
(1) Offset 0xC2DE: Branch or jump instruction to a non-instruction.
(2) Offset 0xE982: Branch or jump instruction to a non-instruction.
(3) Offset 0xEA22: Branch or jump instruction to a non-instruction.
(4) Offset 0xEB18: Branch or jump instruction to a non-instruction.
(5) Offset 0xEBA0: Branch or jump instruction to a non-instruction.
(6) Offset 0xED45: Branch or jump instruction to a non-instruction.
(7) Offset 0xEDE5: Branch or jump instruction to a non-instruction.
(8) Offset 0xEEDB: Branch or jump instruction to a non-instruction.
(9) Offset 0xEF78: Branch or jump instruction to a non-instruction.
(10) Offset 0xF0E3: Branch or jump instruction to a non-instruction.
(11) Offset 0x10001: An instruction crossed a bank boundary.
(12) Offset 0x15360: Branch or jump instruction to a non-instruction.
(13) Offset 0x156E2: Branch or jump instruction to a non-instruction.
(14) Offset 0x15954: Branch or jump instruction to a non-instruction.
(15) Offset 0x18001: An instruction crossed a bank boundary.
(16) Offset 0x185DB: Branch or jump instruction to a non-instruction.
(17) Offset 0x187B2: Branch or jump instruction to a non-instruction.
(18) Offset 0x18813: Branch or jump instruction to a non-instruction.
(19) Offset 0x18A95: Branch or jump instruction to a non-instruction.
(20) Offset 0x18B47: Branch or jump instruction to a non-instruction.
(21) Offset 0x1B158: Branch or jump instruction to a non-instruction.
(22) Offset 0x1B1ED: Branch or jump instruction to a non-instruction.
(23) Offset 0x1B234: Branch or jump instruction to a non-instruction.
(24) Offset 0x1B263: Branch or jump instruction to a non-instruction.
(25) Offset 0x1B292: Branch or jump instruction to a non-instruction.
(26) Offset 0x1BC80: Branch or jump instruction to a non-instruction.
(27) Offset 0x1D6D0: Branch or jump instruction to a non-instruction.
(28) Offset 0x1E156: Branch or jump instruction to a non-instruction.
(29) Offset 0x1E15F: Branch or jump instruction to a non-instruction.
(30) Offset 0x1E168: Branch or jump instruction to a non-instruction.
(31) Offset 0x1E6D6: Branch or jump instruction to a non-instruction.
(32) Offset 0x1E6DF: Branch or jump instruction to a non-instruction.
(33) Offset 0x1E8A0: Branch or jump instruction to a non-instruction.
(34) Offset 0x1F537: Branch or jump instruction to a non-instruction.
(35) Offset 0x1F58B: Branch or jump instruction to a non-instruction.
(36) Offset 0x207D5: Branch or jump instruction to a non-instruction.
(37) Offset 0x207EF: Branch or jump instruction to a non-instruction.
(38) Offset 0x21225: Branch or jump instruction to a non-instruction.
(39) Offset 0x218AC: Branch or jump instruction to a non-instruction.
(40) Offset 0x22A3B: Branch or jump instruction to a non-instruction.
(41) Offset 0x22B48: Branch or jump instruction to a non-instruction.
(42) Offset 0x22DFC: Branch or jump instruction to a non-instruction.
(43) Offset 0x22EBC: Branch or jump instruction to a non-instruction.
(44) Offset 0x22EC2: Branch or jump instruction to a non-instruction.
(45) Offset 0x23086: Branch or jump instruction to a non-instruction.
(46) Offset 0x23AA3: Branch or jump instruction to a non-instruction.
(47) Offset 0x23C63: Branch or jump instruction to a non-instruction.
(48) Offset 0x23CAD: Branch or jump instruction to a non-instruction.
(49) Offset 0x23CB1: Branch or jump instruction to a non-instruction.
(50) Offset 0x23CB5: Branch or jump instruction to a non-instruction.
(51) Offset 0x23CB9: Branch or jump instruction to a non-instruction.
(52) Offset 0x240FC: Branch or jump instruction to a non-instruction.
(53) Offset 0x24101: Branch or jump instruction to a non-instruction.
(54) Offset 0x241D7: Branch or jump instruction to a non-instruction.
(55) Offset 0x25014: Branch or jump instruction to a non-instruction.
(56) Offset 0x2501F: Branch or jump instruction to a non-instruction.
(57) Offset 0x25023: Branch or jump instruction to a non-instruction.
(58) Offset 0x2505D: Branch or jump instruction to a non-instruction.
(59) Offset 0x25061: Branch or jump instruction to a non-instruction.
